Asterisk (*) preceding a constraint indicates it was not met.
   This may be due to a setup or hold violation.

------------------------------------------------------------------------------------------------------
  Constraint                                |  Check  | Worst Case |  Best Case | Timing |   Timing   
                                            |         |    Slack   | Achievable | Errors |    Score   
------------------------------------------------------------------------------------------------------
  Autotimespec constraint for clock net clk | SETUP   |         N/A|    12.330ns|     N/A|         575
  2_BUFGP                                   | HOLD    |     0.799ns|            |       0|           0
------------------------------------------------------------------------------------------------------
  Autotimespec constraint for clock net ok1 | SETUP   |         N/A|     8.638ns|     N/A|           0
  <24>                                      | HOLD    |     0.798ns|            |       0|           0
------------------------------------------------------------------------------------------------------


1 constraint not met.
INFO:Timing:2761 - N/A entries in the Constraints list may indicate that the 
   constraint does not cover any paths or that it has no requested value.


